// Jest Snapshot v1, https://goo.gl/fbAQLP

exports[`View Comment Modules render basic component 1`] = `
<div
  className="container"
>
  <div
    className="com-totalCommentsCount"
  >
    <span
      className="com-commentsIcon"
    >
      <i
        className="fas fa-comment"
      />
    </span>
    <span>
      0
       
      Comments
    </span>
  </div>
  <div
    className="com-allComments"
  />
  <div
    className="com-bottom-border"
  />
</div>
`;

exports[`View Comment Modules render correctly View Comments Component 1`] = `
ReactWrapper {
  Symbol(enzyme.__unrendered__): <ViewComments
    commentList={Array []}
  />,
  Symbol(enzyme.__renderer__): Object {
    "batchedUpdates": [Function],
    "getNode": [Function],
    "render": [Function],
    "simulateError": [Function],
    "simulateEvent": [Function],
    "unmount": [Function],
  },
  Symbol(enzyme.__root__): [Circular],
  Symbol(enzyme.__node__): Object {
    "instance": ViewComments {
      "_reactInternalFiber": FiberNode {
        "_debugID": 50,
        "_debugIsCurrentlyTiming": false,
        "_debugOwner": FiberNode {
          "_debugID": 49,
          "_debugIsCurrentlyTiming": false,
          "_debugOwner": null,
          "_debugSource": null,
          "actualDuration": 0,
          "actualStartTime": -1,
          "alternate": null,
          "child": [Circular],
          "childExpirationTime": 0,
          "effectTag": 1,
          "elementType": [Function],
          "expirationTime": 0,
          "firstContextDependency": null,
          "firstEffect": [Circular],
          "index": 0,
          "key": null,
          "lastEffect": [Circular],
          "memoizedProps": Object {
            "Component": [Function],
            "context": null,
            "props": Object {
              "commentList": Array [],
            },
          },
          "memoizedState": Object {
            "context": null,
            "mount": true,
            "props": Object {
              "commentList": Array [],
            },
          },
          "mode": 0,
          "nextEffect": null,
          "pendingProps": Object {
            "Component": [Function],
            "context": null,
            "props": Object {
              "commentList": Array [],
            },
          },
          "ref": null,
          "return": FiberNode {
            "_debugID": 47,
            "_debugIsCurrentlyTiming": false,
            "_debugOwner": null,
            "_debugSource": null,
            "actualDuration": 0,
            "actualStartTime": -1,
            "alternate": FiberNode {
              "_debugID": 47,
              "_debugIsCurrentlyTiming": false,
              "_debugOwner": null,
              "_debugSource": null,
              "actualDuration": 0,
              "actualStartTime": -1,
              "alternate": [Circular],
              "child": null,
              "childExpirationTime": 0,
              "effectTag": 0,
              "elementType": null,
              "expirationTime": 1,
              "firstContextDependency": null,
              "firstEffect": null,
              "index": 0,
              "key": null,
              "lastEffect": null,
              "memoizedProps": null,
              "memoizedState": null,
              "mode": 0,
              "nextEffect": null,
              "pendingProps": null,
              "ref": null,
              "return": null,
              "selfBaseDuration": 0,
              "sibling": null,
              "stateNode": Object {
                "containerInfo": <div>
                  <div
                    class="container"
                  >
                    <div
                      class="com-totalCommentsCount"
                    >
                      <span
                        class="com-commentsIcon"
                      >
                        <i
                          class="fas fa-comment"
                        />
                      </span>
                      <span>
                        0
                         
                        Comments
                      </span>
                    </div>
                    <div
                      class="com-allComments"
                    />
                    <div
                      class="com-bottom-border"
                    />
                  </div>
                </div>,
                "context": Object {},
                "current": [Circular],
                "didError": false,
                "earliestPendingTime": 0,
                "earliestSuspendedTime": 0,
                "expirationTime": 0,
                "finishedWork": null,
                "firstBatch": null,
                "hydrate": false,
                "interactionThreadID": 12,
                "latestPendingTime": 0,
                "latestPingedTime": 0,
                "latestSuspendedTime": 0,
                "memoizedInteractions": Set {},
                "nextExpirationTimeToWorkOn": 0,
                "nextScheduledRoot": null,
                "pendingChildren": null,
                "pendingCommitExpirationTime": 0,
                "pendingContext": null,
                "pendingInteractionMap": Map {},
                "timeoutHandle": -1,
              },
              "tag": 3,
              "treeBaseDuration": 0,
              "type": null,
              "updateQueue": Object {
                "baseState": null,
                "firstCapturedEffect": null,
                "firstCapturedUpdate": null,
                "firstEffect": null,
                "firstUpdate": Object {
                  "callback": null,
                  "expirationTime": 1,
                  "next": null,
                  "nextEffect": null,
                  "payload": Object {
                    "element": <WrapperComponent
                      Component={[Function]}
                      context={null}
                      props={
                        Object {
                          "commentList": Array [],
                        }
                      }
                    />,
                  },
                  "tag": 0,
                },
                "lastCapturedEffect": null,
                "lastCapturedUpdate": null,
                "lastEffect": null,
                "lastUpdate": Object {
                  "callback": null,
                  "expirationTime": 1,
                  "next": null,
                  "nextEffect": null,
                  "payload": Object {
                    "element": <WrapperComponent
                      Component={[Function]}
                      context={null}
                      props={
                        Object {
                          "commentList": Array [],
                        }
                      }
                    />,
                  },
                  "tag": 0,
                },
              },
            },
            "child": [Circular],
            "childExpirationTime": 0,
            "effectTag": 32,
            "elementType": null,
            "expirationTime": 0,
            "firstContextDependency": null,
            "firstEffect": [Circular],
            "index": 0,
            "key": null,
            "lastEffect": [Circular],
            "memoizedProps": null,
            "memoizedState": Object {
              "element": <WrapperComponent
                Component={[Function]}
                context={null}
                props={
                  Object {
                    "commentList": Array [],
                  }
                }
              />,
            },
            "mode": 0,
            "nextEffect": null,
            "pendingProps": null,
            "ref": null,
            "return": null,
            "selfBaseDuration": 0,
            "sibling": null,
            "stateNode": Object {
              "containerInfo": <div>
                <div
                  class="container"
                >
                  <div
                    class="com-totalCommentsCount"
                  >
                    <span
                      class="com-commentsIcon"
                    >
                      <i
                        class="fas fa-comment"
                      />
                    </span>
                    <span>
                      0
                       
                      Comments
                    </span>
                  </div>
                  <div
                    class="com-allComments"
                  />
                  <div
                    class="com-bottom-border"
                  />
                </div>
              </div>,
              "context": Object {},
              "current": [Circular],
              "didError": false,
              "earliestPendingTime": 0,
              "earliestSuspendedTime": 0,
              "expirationTime": 0,
              "finishedWork": null,
              "firstBatch": null,
              "hydrate": false,
              "interactionThreadID": 12,
              "latestPendingTime": 0,
              "latestPingedTime": 0,
              "latestSuspendedTime": 0,
              "memoizedInteractions": Set {},
              "nextExpirationTimeToWorkOn": 0,
              "nextScheduledRoot": null,
              "pendingChildren": null,
              "pendingCommitExpirationTime": 0,
              "pendingContext": null,
              "pendingInteractionMap": Map {},
              "timeoutHandle": -1,
            },
            "tag": 3,
            "treeBaseDuration": 0,
            "type": null,
            "updateQueue": Object {
              "baseState": Object {
                "element": <WrapperComponent
                  Component={[Function]}
                  context={null}
                  props={
                    Object {
                      "commentList": Array [],
                    }
                  }
                />,
              },
              "firstCapturedEffect": null,
              "firstCapturedUpdate": null,
              "firstEffect": null,
              "firstUpdate": null,
              "lastCapturedEffect": null,
              "lastCapturedUpdate": null,
              "lastEffect": null,
              "lastUpdate": null,
            },
          },
          "selfBaseDuration": 0,
          "sibling": null,
          "stateNode": WrapperComponent {
            "_reactInternalFiber": [Circular],
            "_reactInternalInstance": Object {},
            "context": Object {},
            "props": Object {
              "Component": [Function],
              "context": null,
              "props": Object {
                "commentList": Array [],
              },
            },
            "refs": Object {},
            "state": Object {
              "context": null,
              "mount": true,
              "props": Object {
                "commentList": Array [],
              },
            },
            "updater": Object {
              "enqueueForceUpdate": [Function],
              "enqueueReplaceState": [Function],
              "enqueueSetState": [Function],
              "isMounted": [Function],
            },
          },
          "tag": 1,
          "treeBaseDuration": 0,
          "type": [Function],
          "updateQueue": null,
        },
        "_debugSource": null,
        "actualDuration": 0,
        "actualStartTime": -1,
        "alternate": null,
        "child": FiberNode {
          "_debugID": 51,
          "_debugIsCurrentlyTiming": false,
          "_debugOwner": [Circular],
          "_debugSource": null,
          "actualDuration": 0,
          "actualStartTime": -1,
          "alternate": null,
          "child": FiberNode {
            "_debugID": 52,
            "_debugIsCurrentlyTiming": false,
            "_debugOwner": [Circular],
            "_debugSource": null,
            "actualDuration": 0,
            "actualStartTime": -1,
            "alternate": null,
            "child": FiberNode {
              "_debugID": 55,
              "_debugIsCurrentlyTiming": false,
              "_debugOwner": [Circular],
              "_debugSource": null,
              "actualDuration": 0,
              "actualStartTime": -1,
              "alternate": null,
              "child": FiberNode {
                "_debugID": 57,
                "_debugIsCurrentlyTiming": false,
                "_debugOwner": [Circular],
                "_debugSource": null,
                "actualDuration": 0,
                "actualStartTime": -1,
                "alternate": null,
                "child": null,
                "childExpirationTime": 0,
                "effectTag": 0,
                "elementType": "i",
                "expirationTime": 0,
                "firstContextDependency": null,
                "firstEffect": null,
                "index": 0,
                "key": null,
                "lastEffect": null,
                "memoizedProps": Object {
                  "className": "fas fa-comment",
                },
                "memoizedState": null,
                "mode": 0,
                "nextEffect": null,
                "pendingProps": Object {
                  "className": "fas fa-comment",
                },
                "ref": null,
                "return": [Circular],
                "selfBaseDuration": 0,
                "sibling": null,
                "stateNode": <i
                  class="fas fa-comment"
                />,
                "tag": 5,
                "treeBaseDuration": 0,
                "type": "i",
                "updateQueue": null,
              },
              "childExpirationTime": 0,
              "effectTag": 0,
              "elementType": "span",
              "expirationTime": 0,
              "firstContextDependency": null,
              "firstEffect": null,
              "index": 0,
              "key": null,
              "lastEffect": null,
              "memoizedProps": Object {
                "children": <i
                  className="fas fa-comment"
                />,
                "className": "com-commentsIcon",
              },
              "memoizedState": null,
              "mode": 0,
              "nextEffect": null,
              "pendingProps": Object {
                "children": <i
                  className="fas fa-comment"
                />,
                "className": "com-commentsIcon",
              },
              "ref": null,
              "return": [Circular],
              "selfBaseDuration": 0,
              "sibling": FiberNode {
                "_debugID": 56,
                "_debugIsCurrentlyTiming": false,
                "_debugOwner": [Circular],
                "_debugSource": null,
                "actualDuration": 0,
                "actualStartTime": -1,
                "alternate": null,
                "child": FiberNode {
                  "_debugID": 58,
                  "_debugIsCurrentlyTiming": false,
                  "_debugOwner": null,
                  "_debugSource": null,
                  "actualDuration": 0,
                  "actualStartTime": -1,
                  "alternate": null,
                  "child": null,
                  "childExpirationTime": 0,
                  "effectTag": 0,
                  "elementType": null,
                  "expirationTime": 0,
                  "firstContextDependency": null,
                  "firstEffect": null,
                  "index": 0,
                  "key": null,
                  "lastEffect": null,
                  "memoizedProps": "0",
                  "memoizedState": null,
                  "mode": 0,
                  "nextEffect": null,
                  "pendingProps": "0",
                  "ref": null,
                  "return": [Circular],
                  "selfBaseDuration": 0,
                  "sibling": FiberNode {
                    "_debugID": 59,
                    "_debugIsCurrentlyTiming": false,
                    "_debugOwner": null,
                    "_debugSource": null,
                    "actualDuration": 0,
                    "actualStartTime": -1,
                    "alternate": null,
                    "child": null,
                    "childExpirationTime": 0,
                    "effectTag": 0,
                    "elementType": null,
                    "expirationTime": 0,
                    "firstContextDependency": null,
                    "firstEffect": null,
                    "index": 1,
                    "key": null,
                    "lastEffect": null,
                    "memoizedProps": " ",
                    "memoizedState": null,
                    "mode": 0,
                    "nextEffect": null,
                    "pendingProps": " ",
                    "ref": null,
                    "return": [Circular],
                    "selfBaseDuration": 0,
                    "sibling": FiberNode {
                      "_debugID": 60,
                      "_debugIsCurrentlyTiming": false,
                      "_debugOwner": null,
                      "_debugSource": null,
                      "actualDuration": 0,
                      "actualStartTime": -1,
                      "alternate": null,
                      "child": null,
                      "childExpirationTime": 0,
                      "effectTag": 0,
                      "elementType": null,
                      "expirationTime": 0,
                      "firstContextDependency": null,
                      "firstEffect": null,
                      "index": 2,
                      "key": null,
                      "lastEffect": null,
                      "memoizedProps": "Comments",
                      "memoizedState": null,
                      "mode": 0,
                      "nextEffect": null,
                      "pendingProps": "Comments",
                      "ref": null,
                      "return": [Circular],
                      "selfBaseDuration": 0,
                      "sibling": null,
                      "stateNode": Comments,
                      "tag": 6,
                      "treeBaseDuration": 0,
                      "type": null,
                      "updateQueue": null,
                    },
                    "stateNode":  ,
                    "tag": 6,
                    "treeBaseDuration": 0,
                    "type": null,
                    "updateQueue": null,
                  },
                  "stateNode": 0,
                  "tag": 6,
                  "treeBaseDuration": 0,
                  "type": null,
                  "updateQueue": null,
                },
                "childExpirationTime": 0,
                "effectTag": 0,
                "elementType": "span",
                "expirationTime": 0,
                "firstContextDependency": null,
                "firstEffect": null,
                "index": 1,
                "key": null,
                "lastEffect": null,
                "memoizedProps": Object {
                  "children": Array [
                    0,
                    " ",
                    "Comments",
                  ],
                },
                "memoizedState": null,
                "mode": 0,
                "nextEffect": null,
                "pendingProps": Object {
                  "children": Array [
                    0,
                    " ",
                    "Comments",
                  ],
                },
                "ref": null,
                "return": [Circular],
                "selfBaseDuration": 0,
                "sibling": null,
                "stateNode": <span>
                  0
                   
                  Comments
                </span>,
                "tag": 5,
                "treeBaseDuration": 0,
                "type": "span",
                "updateQueue": null,
              },
              "stateNode": <span
                class="com-commentsIcon"
              >
                <i
                  class="fas fa-comment"
                />
              </span>,
              "tag": 5,
              "treeBaseDuration": 0,
              "type": "span",
              "updateQueue": null,
            },
            "childExpirationTime": 0,
            "effectTag": 0,
            "elementType": "div",
            "expirationTime": 0,
            "firstContextDependency": null,
            "firstEffect": null,
            "index": 0,
            "key": null,
            "lastEffect": null,
            "memoizedProps": Object {
              "children": Array [
                <span
                  className="com-commentsIcon"
                >
                  <i
                    className="fas fa-comment"
                  />
                </span>,
                <span>
                  0
                   
                  Comments
                </span>,
              ],
              "className": "com-totalCommentsCount",
            },
            "memoizedState": null,
            "mode": 0,
            "nextEffect": null,
            "pendingProps": Object {
              "children": Array [
                <span
                  className="com-commentsIcon"
                >
                  <i
                    className="fas fa-comment"
                  />
                </span>,
                <span>
                  0
                   
                  Comments
                </span>,
              ],
              "className": "com-totalCommentsCount",
            },
            "ref": null,
            "return": [Circular],
            "selfBaseDuration": 0,
            "sibling": FiberNode {
              "_debugID": 53,
              "_debugIsCurrentlyTiming": false,
              "_debugOwner": [Circular],
              "_debugSource": null,
              "actualDuration": 0,
              "actualStartTime": -1,
              "alternate": null,
              "child": null,
              "childExpirationTime": 0,
              "effectTag": 0,
              "elementType": "div",
              "expirationTime": 0,
              "firstContextDependency": null,
              "firstEffect": null,
              "index": 1,
              "key": null,
              "lastEffect": null,
              "memoizedProps": Object {
                "children": Array [],
                "className": "com-allComments",
              },
              "memoizedState": null,
              "mode": 0,
              "nextEffect": null,
              "pendingProps": Object {
                "children": Array [],
                "className": "com-allComments",
              },
              "ref": null,
              "return": [Circular],
              "selfBaseDuration": 0,
              "sibling": FiberNode {
                "_debugID": 54,
                "_debugIsCurrentlyTiming": false,
                "_debugOwner": [Circular],
                "_debugSource": null,
                "actualDuration": 0,
                "actualStartTime": -1,
                "alternate": null,
                "child": null,
                "childExpirationTime": 0,
                "effectTag": 0,
                "elementType": "div",
                "expirationTime": 0,
                "firstContextDependency": null,
                "firstEffect": null,
                "index": 2,
                "key": null,
                "lastEffect": null,
                "memoizedProps": Object {
                  "className": "com-bottom-border",
                },
                "memoizedState": null,
                "mode": 0,
                "nextEffect": null,
                "pendingProps": Object {
                  "className": "com-bottom-border",
                },
                "ref": null,
                "return": [Circular],
                "selfBaseDuration": 0,
                "sibling": null,
                "stateNode": <div
                  class="com-bottom-border"
                />,
                "tag": 5,
                "treeBaseDuration": 0,
                "type": "div",
                "updateQueue": null,
              },
              "stateNode": <div
                class="com-allComments"
              />,
              "tag": 5,
              "treeBaseDuration": 0,
              "type": "div",
              "updateQueue": null,
            },
            "stateNode": <div
              class="com-totalCommentsCount"
            >
              <span
                class="com-commentsIcon"
              >
                <i
                  class="fas fa-comment"
                />
              </span>
              <span>
                0
                 
                Comments
              </span>
            </div>,
            "tag": 5,
            "treeBaseDuration": 0,
            "type": "div",
            "updateQueue": null,
          },
          "childExpirationTime": 0,
          "effectTag": 0,
          "elementType": "div",
          "expirationTime": 0,
          "firstContextDependency": null,
          "firstEffect": null,
          "index": 0,
          "key": null,
          "lastEffect": null,
          "memoizedProps": Object {
            "children": Array [
              <div
                className="com-totalCommentsCount"
              >
                <span
                  className="com-commentsIcon"
                >
                  <i
                    className="fas fa-comment"
                  />
                </span>
                <span>
                  0
                   
                  Comments
                </span>
              </div>,
              <div
                className="com-allComments"
              />,
              <div
                className="com-bottom-border"
              />,
            ],
            "className": "container",
          },
          "memoizedState": null,
          "mode": 0,
          "nextEffect": null,
          "pendingProps": Object {
            "children": Array [
              <div
                className="com-totalCommentsCount"
              >
                <span
                  className="com-commentsIcon"
                >
                  <i
                    className="fas fa-comment"
                  />
                </span>
                <span>
                  0
                   
                  Comments
                </span>
              </div>,
              <div
                className="com-allComments"
              />,
              <div
                className="com-bottom-border"
              />,
            ],
            "className": "container",
          },
          "ref": null,
          "return": [Circular],
          "selfBaseDuration": 0,
          "sibling": null,
          "stateNode": <div
            class="container"
          >
            <div
              class="com-totalCommentsCount"
            >
              <span
                class="com-commentsIcon"
              >
                <i
                  class="fas fa-comment"
                />
              </span>
              <span>
                0
                 
                Comments
              </span>
            </div>
            <div
              class="com-allComments"
            />
            <div
              class="com-bottom-border"
            />
          </div>,
          "tag": 5,
          "treeBaseDuration": 0,
          "type": "div",
          "updateQueue": null,
        },
        "childExpirationTime": 0,
        "effectTag": 5,
        "elementType": [Function],
        "expirationTime": 0,
        "firstContextDependency": null,
        "firstEffect": null,
        "index": 0,
        "key": null,
        "lastEffect": null,
        "memoizedProps": Object {
          "commentList": Array [],
        },
        "memoizedState": Object {
          "commentList": Array [],
        },
        "mode": 0,
        "nextEffect": null,
        "pendingProps": Object {
          "commentList": Array [],
        },
        "ref": null,
        "return": FiberNode {
          "_debugID": 49,
          "_debugIsCurrentlyTiming": false,
          "_debugOwner": null,
          "_debugSource": null,
          "actualDuration": 0,
          "actualStartTime": -1,
          "alternate": null,
          "child": [Circular],
          "childExpirationTime": 0,
          "effectTag": 1,
          "elementType": [Function],
          "expirationTime": 0,
          "firstContextDependency": null,
          "firstEffect": [Circular],
          "index": 0,
          "key": null,
          "lastEffect": [Circular],
          "memoizedProps": Object {
            "Component": [Function],
            "context": null,
            "props": Object {
              "commentList": Array [],
            },
          },
          "memoizedState": Object {
            "context": null,
            "mount": true,
            "props": Object {
              "commentList": Array [],
            },
          },
          "mode": 0,
          "nextEffect": null,
          "pendingProps": Object {
            "Component": [Function],
            "context": null,
            "props": Object {
              "commentList": Array [],
            },
          },
          "ref": null,
          "return": FiberNode {
            "_debugID": 47,
            "_debugIsCurrentlyTiming": false,
            "_debugOwner": null,
            "_debugSource": null,
            "actualDuration": 0,
            "actualStartTime": -1,
            "alternate": FiberNode {
              "_debugID": 47,
              "_debugIsCurrentlyTiming": false,
              "_debugOwner": null,
              "_debugSource": null,
              "actualDuration": 0,
              "actualStartTime": -1,
              "alternate": [Circular],
              "child": null,
              "childExpirationTime": 0,
              "effectTag": 0,
              "elementType": null,
              "expirationTime": 1,
              "firstContextDependency": null,
              "firstEffect": null,
              "index": 0,
              "key": null,
              "lastEffect": null,
              "memoizedProps": null,
              "memoizedState": null,
              "mode": 0,
              "nextEffect": null,
              "pendingProps": null,
              "ref": null,
              "return": null,
              "selfBaseDuration": 0,
              "sibling": null,
              "stateNode": Object {
                "containerInfo": <div>
                  <div
                    class="container"
                  >
                    <div
                      class="com-totalCommentsCount"
                    >
                      <span
                        class="com-commentsIcon"
                      >
                        <i
                          class="fas fa-comment"
                        />
                      </span>
                      <span>
                        0
                         
                        Comments
                      </span>
                    </div>
                    <div
                      class="com-allComments"
                    />
                    <div
                      class="com-bottom-border"
                    />
                  </div>
                </div>,
                "context": Object {},
                "current": [Circular],
                "didError": false,
                "earliestPendingTime": 0,
                "earliestSuspendedTime": 0,
                "expirationTime": 0,
                "finishedWork": null,
                "firstBatch": null,
                "hydrate": false,
                "interactionThreadID": 12,
                "latestPendingTime": 0,
                "latestPingedTime": 0,
                "latestSuspendedTime": 0,
                "memoizedInteractions": Set {},
                "nextExpirationTimeToWorkOn": 0,
                "nextScheduledRoot": null,
                "pendingChildren": null,
                "pendingCommitExpirationTime": 0,
                "pendingContext": null,
                "pendingInteractionMap": Map {},
                "timeoutHandle": -1,
              },
              "tag": 3,
              "treeBaseDuration": 0,
              "type": null,
              "updateQueue": Object {
                "baseState": null,
                "firstCapturedEffect": null,
                "firstCapturedUpdate": null,
                "firstEffect": null,
                "firstUpdate": Object {
                  "callback": null,
                  "expirationTime": 1,
                  "next": null,
                  "nextEffect": null,
                  "payload": Object {
                    "element": <WrapperComponent
                      Component={[Function]}
                      context={null}
                      props={
                        Object {
                          "commentList": Array [],
                        }
                      }
                    />,
                  },
                  "tag": 0,
                },
                "lastCapturedEffect": null,
                "lastCapturedUpdate": null,
                "lastEffect": null,
                "lastUpdate": Object {
                  "callback": null,
                  "expirationTime": 1,
                  "next": null,
                  "nextEffect": null,
                  "payload": Object {
                    "element": <WrapperComponent
                      Component={[Function]}
                      context={null}
                      props={
                        Object {
                          "commentList": Array [],
                        }
                      }
                    />,
                  },
                  "tag": 0,
                },
              },
            },
            "child": [Circular],
            "childExpirationTime": 0,
            "effectTag": 32,
            "elementType": null,
            "expirationTime": 0,
            "firstContextDependency": null,
            "firstEffect": [Circular],
            "index": 0,
            "key": null,
            "lastEffect": [Circular],
            "memoizedProps": null,
            "memoizedState": Object {
              "element": <WrapperComponent
                Component={[Function]}
                context={null}
                props={
                  Object {
                    "commentList": Array [],
                  }
                }
              />,
            },
            "mode": 0,
            "nextEffect": null,
            "pendingProps": null,
            "ref": null,
            "return": null,
            "selfBaseDuration": 0,
            "sibling": null,
            "stateNode": Object {
              "containerInfo": <div>
                <div
                  class="container"
                >
                  <div
                    class="com-totalCommentsCount"
                  >
                    <span
                      class="com-commentsIcon"
                    >
                      <i
                        class="fas fa-comment"
                      />
                    </span>
                    <span>
                      0
                       
                      Comments
                    </span>
                  </div>
                  <div
                    class="com-allComments"
                  />
                  <div
                    class="com-bottom-border"
                  />
                </div>
              </div>,
              "context": Object {},
              "current": [Circular],
              "didError": false,
              "earliestPendingTime": 0,
              "earliestSuspendedTime": 0,
              "expirationTime": 0,
              "finishedWork": null,
              "firstBatch": null,
              "hydrate": false,
              "interactionThreadID": 12,
              "latestPendingTime": 0,
              "latestPingedTime": 0,
              "latestSuspendedTime": 0,
              "memoizedInteractions": Set {},
              "nextExpirationTimeToWorkOn": 0,
              "nextScheduledRoot": null,
              "pendingChildren": null,
              "pendingCommitExpirationTime": 0,
              "pendingContext": null,
              "pendingInteractionMap": Map {},
              "timeoutHandle": -1,
            },
            "tag": 3,
            "treeBaseDuration": 0,
            "type": null,
            "updateQueue": Object {
              "baseState": Object {
                "element": <WrapperComponent
                  Component={[Function]}
                  context={null}
                  props={
                    Object {
                      "commentList": Array [],
                    }
                  }
                />,
              },
              "firstCapturedEffect": null,
              "firstCapturedUpdate": null,
              "firstEffect": null,
              "firstUpdate": null,
              "lastCapturedEffect": null,
              "lastCapturedUpdate": null,
              "lastEffect": null,
              "lastUpdate": null,
            },
          },
          "selfBaseDuration": 0,
          "sibling": null,
          "stateNode": WrapperComponent {
            "_reactInternalFiber": [Circular],
            "_reactInternalInstance": Object {},
            "context": Object {},
            "props": Object {
              "Component": [Function],
              "context": null,
              "props": Object {
                "commentList": Array [],
              },
            },
            "refs": Object {},
            "state": Object {
              "context": null,
              "mount": true,
              "props": Object {
                "commentList": Array [],
              },
            },
            "updater": Object {
              "enqueueForceUpdate": [Function],
              "enqueueReplaceState": [Function],
              "enqueueSetState": [Function],
              "isMounted": [Function],
            },
          },
          "tag": 1,
          "treeBaseDuration": 0,
          "type": [Function],
          "updateQueue": null,
        },
        "selfBaseDuration": 0,
        "sibling": null,
        "stateNode": [Circular],
        "tag": 1,
        "treeBaseDuration": 0,
        "type": [Function],
        "updateQueue": null,
      },
      "_reactInternalInstance": Object {},
      "context": Object {},
      "fetchComments": [Function],
      "interval": 3,
      "props": Object {
        "commentList": Array [],
      },
      "refs": Object {},
      "state": Object {
        "commentList": Array [],
      },
      "updater": Object {
        "enqueueForceUpdate": [Function],
        "enqueueReplaceState": [Function],
        "enqueueSetState": [Function],
        "isMounted": [Function],
      },
    },
    "key": undefined,
    "nodeType": "class",
    "props": Object {
      "commentList": Array [],
    },
    "ref": null,
    "rendered": Object {
      "instance": <div
        class="container"
      >
        <div
          class="com-totalCommentsCount"
        >
          <span
            class="com-commentsIcon"
          >
            <i
              class="fas fa-comment"
            />
          </span>
          <span>
            0
             
            Comments
          </span>
        </div>
        <div
          class="com-allComments"
        />
        <div
          class="com-bottom-border"
        />
      </div>,
      "key": undefined,
      "nodeType": "host",
      "props": Object {
        "children": Array [
          <div
            className="com-totalCommentsCount"
          >
            <span
              className="com-commentsIcon"
            >
              <i
                className="fas fa-comment"
              />
            </span>
            <span>
              0
               
              Comments
            </span>
          </div>,
          <div
            className="com-allComments"
          />,
          <div
            className="com-bottom-border"
          />,
        ],
        "className": "container",
      },
      "ref": null,
      "rendered": Array [
        Object {
          "instance": <div
            class="com-totalCommentsCount"
          >
            <span
              class="com-commentsIcon"
            >
              <i
                class="fas fa-comment"
              />
            </span>
            <span>
              0
               
              Comments
            </span>
          </div>,
          "key": undefined,
          "nodeType": "host",
          "props": Object {
            "children": Array [
              <span
                className="com-commentsIcon"
              >
                <i
                  className="fas fa-comment"
                />
              </span>,
              <span>
                0
                 
                Comments
              </span>,
            ],
            "className": "com-totalCommentsCount",
          },
          "ref": null,
          "rendered": Array [
            Object {
              "instance": <span
                class="com-commentsIcon"
              >
                <i
                  class="fas fa-comment"
                />
              </span>,
              "key": undefined,
              "nodeType": "host",
              "props": Object {
                "children": <i
                  className="fas fa-comment"
                />,
                "className": "com-commentsIcon",
              },
              "ref": null,
              "rendered": Array [
                Object {
                  "instance": <i
                    class="fas fa-comment"
                  />,
                  "key": undefined,
                  "nodeType": "host",
                  "props": Object {
                    "className": "fas fa-comment",
                  },
                  "ref": null,
                  "rendered": Array [
                    undefined,
                  ],
                  "type": "i",
                },
              ],
              "type": "span",
            },
            Object {
              "instance": <span>
                0
                 
                Comments
              </span>,
              "key": undefined,
              "nodeType": "host",
              "props": Object {
                "children": Array [
                  0,
                  " ",
                  "Comments",
                ],
              },
              "ref": null,
              "rendered": Array [
                "0",
                " ",
                "Comments",
              ],
              "type": "span",
            },
          ],
          "type": "div",
        },
        Object {
          "instance": <div
            class="com-allComments"
          />,
          "key": undefined,
          "nodeType": "host",
          "props": Object {
            "children": Array [],
            "className": "com-allComments",
          },
          "ref": null,
          "rendered": Array [
            Array [],
          ],
          "type": "div",
        },
        Object {
          "instance": <div
            class="com-bottom-border"
          />,
          "key": undefined,
          "nodeType": "host",
          "props": Object {
            "className": "com-bottom-border",
          },
          "ref": null,
          "rendered": Array [
            undefined,
          ],
          "type": "div",
        },
      ],
      "type": "div",
    },
    "type": [Function],
  },
  Symbol(enzyme.__nodes__): Array [
    Object {
      "instance": ViewComments {
        "_reactInternalFiber": FiberNode {
          "_debugID": 50,
          "_debugIsCurrentlyTiming": false,
          "_debugOwner": FiberNode {
            "_debugID": 49,
            "_debugIsCurrentlyTiming": false,
            "_debugOwner": null,
            "_debugSource": null,
            "actualDuration": 0,
            "actualStartTime": -1,
            "alternate": null,
            "child": [Circular],
            "childExpirationTime": 0,
            "effectTag": 1,
            "elementType": [Function],
            "expirationTime": 0,
            "firstContextDependency": null,
            "firstEffect": [Circular],
            "index": 0,
            "key": null,
            "lastEffect": [Circular],
            "memoizedProps": Object {
              "Component": [Function],
              "context": null,
              "props": Object {
                "commentList": Array [],
              },
            },
            "memoizedState": Object {
              "context": null,
              "mount": true,
              "props": Object {
                "commentList": Array [],
              },
            },
            "mode": 0,
            "nextEffect": null,
            "pendingProps": Object {
              "Component": [Function],
              "context": null,
              "props": Object {
                "commentList": Array [],
              },
            },
            "ref": null,
            "return": FiberNode {
              "_debugID": 47,
              "_debugIsCurrentlyTiming": false,
              "_debugOwner": null,
              "_debugSource": null,
              "actualDuration": 0,
              "actualStartTime": -1,
              "alternate": FiberNode {
                "_debugID": 47,
                "_debugIsCurrentlyTiming": false,
                "_debugOwner": null,
                "_debugSource": null,
                "actualDuration": 0,
                "actualStartTime": -1,
                "alternate": [Circular],
                "child": null,
                "childExpirationTime": 0,
                "effectTag": 0,
                "elementType": null,
                "expirationTime": 1,
                "firstContextDependency": null,
                "firstEffect": null,
                "index": 0,
                "key": null,
                "lastEffect": null,
                "memoizedProps": null,
                "memoizedState": null,
                "mode": 0,
                "nextEffect": null,
                "pendingProps": null,
                "ref": null,
                "return": null,
                "selfBaseDuration": 0,
                "sibling": null,
                "stateNode": Object {
                  "containerInfo": <div>
                    <div
                      class="container"
                    >
                      <div
                        class="com-totalCommentsCount"
                      >
                        <span
                          class="com-commentsIcon"
                        >
                          <i
                            class="fas fa-comment"
                          />
                        </span>
                        <span>
                          0
                           
                          Comments
                        </span>
                      </div>
                      <div
                        class="com-allComments"
                      />
                      <div
                        class="com-bottom-border"
                      />
                    </div>
                  </div>,
                  "context": Object {},
                  "current": [Circular],
                  "didError": false,
                  "earliestPendingTime": 0,
                  "earliestSuspendedTime": 0,
                  "expirationTime": 0,
                  "finishedWork": null,
                  "firstBatch": null,
                  "hydrate": false,
                  "interactionThreadID": 12,
                  "latestPendingTime": 0,
                  "latestPingedTime": 0,
                  "latestSuspendedTime": 0,
                  "memoizedInteractions": Set {},
                  "nextExpirationTimeToWorkOn": 0,
                  "nextScheduledRoot": null,
                  "pendingChildren": null,
                  "pendingCommitExpirationTime": 0,
                  "pendingContext": null,
                  "pendingInteractionMap": Map {},
                  "timeoutHandle": -1,
                },
                "tag": 3,
                "treeBaseDuration": 0,
                "type": null,
                "updateQueue": Object {
                  "baseState": null,
                  "firstCapturedEffect": null,
                  "firstCapturedUpdate": null,
                  "firstEffect": null,
                  "firstUpdate": Object {
                    "callback": null,
                    "expirationTime": 1,
                    "next": null,
                    "nextEffect": null,
                    "payload": Object {
                      "element": <WrapperComponent
                        Component={[Function]}
                        context={null}
                        props={
                          Object {
                            "commentList": Array [],
                          }
                        }
                      />,
                    },
                    "tag": 0,
                  },
                  "lastCapturedEffect": null,
                  "lastCapturedUpdate": null,
                  "lastEffect": null,
                  "lastUpdate": Object {
                    "callback": null,
                    "expirationTime": 1,
                    "next": null,
                    "nextEffect": null,
                    "payload": Object {
                      "element": <WrapperComponent
                        Component={[Function]}
                        context={null}
                        props={
                          Object {
                            "commentList": Array [],
                          }
                        }
                      />,
                    },
                    "tag": 0,
                  },
                },
              },
              "child": [Circular],
              "childExpirationTime": 0,
              "effectTag": 32,
              "elementType": null,
              "expirationTime": 0,
              "firstContextDependency": null,
              "firstEffect": [Circular],
              "index": 0,
              "key": null,
              "lastEffect": [Circular],
              "memoizedProps": null,
              "memoizedState": Object {
                "element": <WrapperComponent
                  Component={[Function]}
                  context={null}
                  props={
                    Object {
                      "commentList": Array [],
                    }
                  }
                />,
              },
              "mode": 0,
              "nextEffect": null,
              "pendingProps": null,
              "ref": null,
              "return": null,
              "selfBaseDuration": 0,
              "sibling": null,
              "stateNode": Object {
                "containerInfo": <div>
                  <div
                    class="container"
                  >
                    <div
                      class="com-totalCommentsCount"
                    >
                      <span
                        class="com-commentsIcon"
                      >
                        <i
                          class="fas fa-comment"
                        />
                      </span>
                      <span>
                        0
                         
                        Comments
                      </span>
                    </div>
                    <div
                      class="com-allComments"
                    />
                    <div
                      class="com-bottom-border"
                    />
                  </div>
                </div>,
                "context": Object {},
                "current": [Circular],
                "didError": false,
                "earliestPendingTime": 0,
                "earliestSuspendedTime": 0,
                "expirationTime": 0,
                "finishedWork": null,
                "firstBatch": null,
                "hydrate": false,
                "interactionThreadID": 12,
                "latestPendingTime": 0,
                "latestPingedTime": 0,
                "latestSuspendedTime": 0,
                "memoizedInteractions": Set {},
                "nextExpirationTimeToWorkOn": 0,
                "nextScheduledRoot": null,
                "pendingChildren": null,
                "pendingCommitExpirationTime": 0,
                "pendingContext": null,
                "pendingInteractionMap": Map {},
                "timeoutHandle": -1,
              },
              "tag": 3,
              "treeBaseDuration": 0,
              "type": null,
              "updateQueue": Object {
                "baseState": Object {
                  "element": <WrapperComponent
                    Component={[Function]}
                    context={null}
                    props={
                      Object {
                        "commentList": Array [],
                      }
                    }
                  />,
                },
                "firstCapturedEffect": null,
                "firstCapturedUpdate": null,
                "firstEffect": null,
                "firstUpdate": null,
                "lastCapturedEffect": null,
                "lastCapturedUpdate": null,
                "lastEffect": null,
                "lastUpdate": null,
              },
            },
            "selfBaseDuration": 0,
            "sibling": null,
            "stateNode": WrapperComponent {
              "_reactInternalFiber": [Circular],
              "_reactInternalInstance": Object {},
              "context": Object {},
              "props": Object {
                "Component": [Function],
                "context": null,
                "props": Object {
                  "commentList": Array [],
                },
              },
              "refs": Object {},
              "state": Object {
                "context": null,
                "mount": true,
                "props": Object {
                  "commentList": Array [],
                },
              },
              "updater": Object {
                "enqueueForceUpdate": [Function],
                "enqueueReplaceState": [Function],
                "enqueueSetState": [Function],
                "isMounted": [Function],
              },
            },
            "tag": 1,
            "treeBaseDuration": 0,
            "type": [Function],
            "updateQueue": null,
          },
          "_debugSource": null,
          "actualDuration": 0,
          "actualStartTime": -1,
          "alternate": null,
          "child": FiberNode {
            "_debugID": 51,
            "_debugIsCurrentlyTiming": false,
            "_debugOwner": [Circular],
            "_debugSource": null,
            "actualDuration": 0,
            "actualStartTime": -1,
            "alternate": null,
            "child": FiberNode {
              "_debugID": 52,
              "_debugIsCurrentlyTiming": false,
              "_debugOwner": [Circular],
              "_debugSource": null,
              "actualDuration": 0,
              "actualStartTime": -1,
              "alternate": null,
              "child": FiberNode {
                "_debugID": 55,
                "_debugIsCurrentlyTiming": false,
                "_debugOwner": [Circular],
                "_debugSource": null,
                "actualDuration": 0,
                "actualStartTime": -1,
                "alternate": null,
                "child": FiberNode {
                  "_debugID": 57,
                  "_debugIsCurrentlyTiming": false,
                  "_debugOwner": [Circular],
                  "_debugSource": null,
                  "actualDuration": 0,
                  "actualStartTime": -1,
                  "alternate": null,
                  "child": null,
                  "childExpirationTime": 0,
                  "effectTag": 0,
                  "elementType": "i",
                  "expirationTime": 0,
                  "firstContextDependency": null,
                  "firstEffect": null,
                  "index": 0,
                  "key": null,
                  "lastEffect": null,
                  "memoizedProps": Object {
                    "className": "fas fa-comment",
                  },
                  "memoizedState": null,
                  "mode": 0,
                  "nextEffect": null,
                  "pendingProps": Object {
                    "className": "fas fa-comment",
                  },
                  "ref": null,
                  "return": [Circular],
                  "selfBaseDuration": 0,
                  "sibling": null,
                  "stateNode": <i
                    class="fas fa-comment"
                  />,
                  "tag": 5,
                  "treeBaseDuration": 0,
                  "type": "i",
                  "updateQueue": null,
                },
                "childExpirationTime": 0,
                "effectTag": 0,
                "elementType": "span",
                "expirationTime": 0,
                "firstContextDependency": null,
                "firstEffect": null,
                "index": 0,
                "key": null,
                "lastEffect": null,
                "memoizedProps": Object {
                  "children": <i
                    className="fas fa-comment"
                  />,
                  "className": "com-commentsIcon",
                },
                "memoizedState": null,
                "mode": 0,
                "nextEffect": null,
                "pendingProps": Object {
                  "children": <i
                    className="fas fa-comment"
                  />,
                  "className": "com-commentsIcon",
                },
                "ref": null,
                "return": [Circular],
                "selfBaseDuration": 0,
                "sibling": FiberNode {
                  "_debugID": 56,
                  "_debugIsCurrentlyTiming": false,
                  "_debugOwner": [Circular],
                  "_debugSource": null,
                  "actualDuration": 0,
                  "actualStartTime": -1,
                  "alternate": null,
                  "child": FiberNode {
                    "_debugID": 58,
                    "_debugIsCurrentlyTiming": false,
                    "_debugOwner": null,
                    "_debugSource": null,
                    "actualDuration": 0,
                    "actualStartTime": -1,
                    "alternate": null,
                    "child": null,
                    "childExpirationTime": 0,
                    "effectTag": 0,
                    "elementType": null,
                    "expirationTime": 0,
                    "firstContextDependency": null,
                    "firstEffect": null,
                    "index": 0,
                    "key": null,
                    "lastEffect": null,
                    "memoizedProps": "0",
                    "memoizedState": null,
                    "mode": 0,
                    "nextEffect": null,
                    "pendingProps": "0",
                    "ref": null,
                    "return": [Circular],
                    "selfBaseDuration": 0,
                    "sibling": FiberNode {
                      "_debugID": 59,
                      "_debugIsCurrentlyTiming": false,
                      "_debugOwner": null,
                      "_debugSource": null,
                      "actualDuration": 0,
                      "actualStartTime": -1,
                      "alternate": null,
                      "child": null,
                      "childExpirationTime": 0,
                      "effectTag": 0,
                      "elementType": null,
                      "expirationTime": 0,
                      "firstContextDependency": null,
                      "firstEffect": null,
                      "index": 1,
                      "key": null,
                      "lastEffect": null,
                      "memoizedProps": " ",
                      "memoizedState": null,
                      "mode": 0,
                      "nextEffect": null,
                      "pendingProps": " ",
                      "ref": null,
                      "return": [Circular],
                      "selfBaseDuration": 0,
                      "sibling": FiberNode {
                        "_debugID": 60,
                        "_debugIsCurrentlyTiming": false,
                        "_debugOwner": null,
                        "_debugSource": null,
                        "actualDuration": 0,
                        "actualStartTime": -1,
                        "alternate": null,
                        "child": null,
                        "childExpirationTime": 0,
                        "effectTag": 0,
                        "elementType": null,
                        "expirationTime": 0,
                        "firstContextDependency": null,
                        "firstEffect": null,
                        "index": 2,
                        "key": null,
                        "lastEffect": null,
                        "memoizedProps": "Comments",
                        "memoizedState": null,
                        "mode": 0,
                        "nextEffect": null,
                        "pendingProps": "Comments",
                        "ref": null,
                        "return": [Circular],
                        "selfBaseDuration": 0,
                        "sibling": null,
                        "stateNode": Comments,
                        "tag": 6,
                        "treeBaseDuration": 0,
                        "type": null,
                        "updateQueue": null,
                      },
                      "stateNode":  ,
                      "tag": 6,
                      "treeBaseDuration": 0,
                      "type": null,
                      "updateQueue": null,
                    },
                    "stateNode": 0,
                    "tag": 6,
                    "treeBaseDuration": 0,
                    "type": null,
                    "updateQueue": null,
                  },
                  "childExpirationTime": 0,
                  "effectTag": 0,
                  "elementType": "span",
                  "expirationTime": 0,
                  "firstContextDependency": null,
                  "firstEffect": null,
                  "index": 1,
                  "key": null,
                  "lastEffect": null,
                  "memoizedProps": Object {
                    "children": Array [
                      0,
                      " ",
                      "Comments",
                    ],
                  },
                  "memoizedState": null,
                  "mode": 0,
                  "nextEffect": null,
                  "pendingProps": Object {
                    "children": Array [
                      0,
                      " ",
                      "Comments",
                    ],
                  },
                  "ref": null,
                  "return": [Circular],
                  "selfBaseDuration": 0,
                  "sibling": null,
                  "stateNode": <span>
                    0
                     
                    Comments
                  </span>,
                  "tag": 5,
                  "treeBaseDuration": 0,
                  "type": "span",
                  "updateQueue": null,
                },
                "stateNode": <span
                  class="com-commentsIcon"
                >
                  <i
                    class="fas fa-comment"
                  />
                </span>,
                "tag": 5,
                "treeBaseDuration": 0,
                "type": "span",
                "updateQueue": null,
              },
              "childExpirationTime": 0,
              "effectTag": 0,
              "elementType": "div",
              "expirationTime": 0,
              "firstContextDependency": null,
              "firstEffect": null,
              "index": 0,
              "key": null,
              "lastEffect": null,
              "memoizedProps": Object {
                "children": Array [
                  <span
                    className="com-commentsIcon"
                  >
                    <i
                      className="fas fa-comment"
                    />
                  </span>,
                  <span>
                    0
                     
                    Comments
                  </span>,
                ],
                "className": "com-totalCommentsCount",
              },
              "memoizedState": null,
              "mode": 0,
              "nextEffect": null,
              "pendingProps": Object {
                "children": Array [
                  <span
                    className="com-commentsIcon"
                  >
                    <i
                      className="fas fa-comment"
                    />
                  </span>,
                  <span>
                    0
                     
                    Comments
                  </span>,
                ],
                "className": "com-totalCommentsCount",
              },
              "ref": null,
              "return": [Circular],
              "selfBaseDuration": 0,
              "sibling": FiberNode {
                "_debugID": 53,
                "_debugIsCurrentlyTiming": false,
                "_debugOwner": [Circular],
                "_debugSource": null,
                "actualDuration": 0,
                "actualStartTime": -1,
                "alternate": null,
                "child": null,
                "childExpirationTime": 0,
                "effectTag": 0,
                "elementType": "div",
                "expirationTime": 0,
                "firstContextDependency": null,
                "firstEffect": null,
                "index": 1,
                "key": null,
                "lastEffect": null,
                "memoizedProps": Object {
                  "children": Array [],
                  "className": "com-allComments",
                },
                "memoizedState": null,
                "mode": 0,
                "nextEffect": null,
                "pendingProps": Object {
                  "children": Array [],
                  "className": "com-allComments",
                },
                "ref": null,
                "return": [Circular],
                "selfBaseDuration": 0,
                "sibling": FiberNode {
                  "_debugID": 54,
                  "_debugIsCurrentlyTiming": false,
                  "_debugOwner": [Circular],
                  "_debugSource": null,
                  "actualDuration": 0,
                  "actualStartTime": -1,
                  "alternate": null,
                  "child": null,
                  "childExpirationTime": 0,
                  "effectTag": 0,
                  "elementType": "div",
                  "expirationTime": 0,
                  "firstContextDependency": null,
                  "firstEffect": null,
                  "index": 2,
                  "key": null,
                  "lastEffect": null,
                  "memoizedProps": Object {
                    "className": "com-bottom-border",
                  },
                  "memoizedState": null,
                  "mode": 0,
                  "nextEffect": null,
                  "pendingProps": Object {
                    "className": "com-bottom-border",
                  },
                  "ref": null,
                  "return": [Circular],
                  "selfBaseDuration": 0,
                  "sibling": null,
                  "stateNode": <div
                    class="com-bottom-border"
                  />,
                  "tag": 5,
                  "treeBaseDuration": 0,
                  "type": "div",
                  "updateQueue": null,
                },
                "stateNode": <div
                  class="com-allComments"
                />,
                "tag": 5,
                "treeBaseDuration": 0,
                "type": "div",
                "updateQueue": null,
              },
              "stateNode": <div
                class="com-totalCommentsCount"
              >
                <span
                  class="com-commentsIcon"
                >
                  <i
                    class="fas fa-comment"
                  />
                </span>
                <span>
                  0
                   
                  Comments
                </span>
              </div>,
              "tag": 5,
              "treeBaseDuration": 0,
              "type": "div",
              "updateQueue": null,
            },
            "childExpirationTime": 0,
            "effectTag": 0,
            "elementType": "div",
            "expirationTime": 0,
            "firstContextDependency": null,
            "firstEffect": null,
            "index": 0,
            "key": null,
            "lastEffect": null,
            "memoizedProps": Object {
              "children": Array [
                <div
                  className="com-totalCommentsCount"
                >
                  <span
                    className="com-commentsIcon"
                  >
                    <i
                      className="fas fa-comment"
                    />
                  </span>
                  <span>
                    0
                     
                    Comments
                  </span>
                </div>,
                <div
                  className="com-allComments"
                />,
                <div
                  className="com-bottom-border"
                />,
              ],
              "className": "container",
            },
            "memoizedState": null,
            "mode": 0,
            "nextEffect": null,
            "pendingProps": Object {
              "children": Array [
                <div
                  className="com-totalCommentsCount"
                >
                  <span
                    className="com-commentsIcon"
                  >
                    <i
                      className="fas fa-comment"
                    />
                  </span>
                  <span>
                    0
                     
                    Comments
                  </span>
                </div>,
                <div
                  className="com-allComments"
                />,
                <div
                  className="com-bottom-border"
                />,
              ],
              "className": "container",
            },
            "ref": null,
            "return": [Circular],
            "selfBaseDuration": 0,
            "sibling": null,
            "stateNode": <div
              class="container"
            >
              <div
                class="com-totalCommentsCount"
              >
                <span
                  class="com-commentsIcon"
                >
                  <i
                    class="fas fa-comment"
                  />
                </span>
                <span>
                  0
                   
                  Comments
                </span>
              </div>
              <div
                class="com-allComments"
              />
              <div
                class="com-bottom-border"
              />
            </div>,
            "tag": 5,
            "treeBaseDuration": 0,
            "type": "div",
            "updateQueue": null,
          },
          "childExpirationTime": 0,
          "effectTag": 5,
          "elementType": [Function],
          "expirationTime": 0,
          "firstContextDependency": null,
          "firstEffect": null,
          "index": 0,
          "key": null,
          "lastEffect": null,
          "memoizedProps": Object {
            "commentList": Array [],
          },
          "memoizedState": Object {
            "commentList": Array [],
          },
          "mode": 0,
          "nextEffect": null,
          "pendingProps": Object {
            "commentList": Array [],
          },
          "ref": null,
          "return": FiberNode {
            "_debugID": 49,
            "_debugIsCurrentlyTiming": false,
            "_debugOwner": null,
            "_debugSource": null,
            "actualDuration": 0,
            "actualStartTime": -1,
            "alternate": null,
            "child": [Circular],
            "childExpirationTime": 0,
            "effectTag": 1,
            "elementType": [Function],
            "expirationTime": 0,
            "firstContextDependency": null,
            "firstEffect": [Circular],
            "index": 0,
            "key": null,
            "lastEffect": [Circular],
            "memoizedProps": Object {
              "Component": [Function],
              "context": null,
              "props": Object {
                "commentList": Array [],
              },
            },
            "memoizedState": Object {
              "context": null,
              "mount": true,
              "props": Object {
                "commentList": Array [],
              },
            },
            "mode": 0,
            "nextEffect": null,
            "pendingProps": Object {
              "Component": [Function],
              "context": null,
              "props": Object {
                "commentList": Array [],
              },
            },
            "ref": null,
            "return": FiberNode {
              "_debugID": 47,
              "_debugIsCurrentlyTiming": false,
              "_debugOwner": null,
              "_debugSource": null,
              "actualDuration": 0,
              "actualStartTime": -1,
              "alternate": FiberNode {
                "_debugID": 47,
                "_debugIsCurrentlyTiming": false,
                "_debugOwner": null,
                "_debugSource": null,
                "actualDuration": 0,
                "actualStartTime": -1,
                "alternate": [Circular],
                "child": null,
                "childExpirationTime": 0,
                "effectTag": 0,
                "elementType": null,
                "expirationTime": 1,
                "firstContextDependency": null,
                "firstEffect": null,
                "index": 0,
                "key": null,
                "lastEffect": null,
                "memoizedProps": null,
                "memoizedState": null,
                "mode": 0,
                "nextEffect": null,
                "pendingProps": null,
                "ref": null,
                "return": null,
                "selfBaseDuration": 0,
                "sibling": null,
                "stateNode": Object {
                  "containerInfo": <div>
                    <div
                      class="container"
                    >
                      <div
                        class="com-totalCommentsCount"
                      >
                        <span
                          class="com-commentsIcon"
                        >
                          <i
                            class="fas fa-comment"
                          />
                        </span>
                        <span>
                          0
                           
                          Comments
                        </span>
                      </div>
                      <div
                        class="com-allComments"
                      />
                      <div
                        class="com-bottom-border"
                      />
                    </div>
                  </div>,
                  "context": Object {},
                  "current": [Circular],
                  "didError": false,
                  "earliestPendingTime": 0,
                  "earliestSuspendedTime": 0,
                  "expirationTime": 0,
                  "finishedWork": null,
                  "firstBatch": null,
                  "hydrate": false,
                  "interactionThreadID": 12,
                  "latestPendingTime": 0,
                  "latestPingedTime": 0,
                  "latestSuspendedTime": 0,
                  "memoizedInteractions": Set {},
                  "nextExpirationTimeToWorkOn": 0,
                  "nextScheduledRoot": null,
                  "pendingChildren": null,
                  "pendingCommitExpirationTime": 0,
                  "pendingContext": null,
                  "pendingInteractionMap": Map {},
                  "timeoutHandle": -1,
                },
                "tag": 3,
                "treeBaseDuration": 0,
                "type": null,
                "updateQueue": Object {
                  "baseState": null,
                  "firstCapturedEffect": null,
                  "firstCapturedUpdate": null,
                  "firstEffect": null,
                  "firstUpdate": Object {
                    "callback": null,
                    "expirationTime": 1,
                    "next": null,
                    "nextEffect": null,
                    "payload": Object {
                      "element": <WrapperComponent
                        Component={[Function]}
                        context={null}
                        props={
                          Object {
                            "commentList": Array [],
                          }
                        }
                      />,
                    },
                    "tag": 0,
                  },
                  "lastCapturedEffect": null,
                  "lastCapturedUpdate": null,
                  "lastEffect": null,
                  "lastUpdate": Object {
                    "callback": null,
                    "expirationTime": 1,
                    "next": null,
                    "nextEffect": null,
                    "payload": Object {
                      "element": <WrapperComponent
                        Component={[Function]}
                        context={null}
                        props={
                          Object {
                            "commentList": Array [],
                          }
                        }
                      />,
                    },
                    "tag": 0,
                  },
                },
              },
              "child": [Circular],
              "childExpirationTime": 0,
              "effectTag": 32,
              "elementType": null,
              "expirationTime": 0,
              "firstContextDependency": null,
              "firstEffect": [Circular],
              "index": 0,
              "key": null,
              "lastEffect": [Circular],
              "memoizedProps": null,
              "memoizedState": Object {
                "element": <WrapperComponent
                  Component={[Function]}
                  context={null}
                  props={
                    Object {
                      "commentList": Array [],
                    }
                  }
                />,
              },
              "mode": 0,
              "nextEffect": null,
              "pendingProps": null,
              "ref": null,
              "return": null,
              "selfBaseDuration": 0,
              "sibling": null,
              "stateNode": Object {
                "containerInfo": <div>
                  <div
                    class="container"
                  >
                    <div
                      class="com-totalCommentsCount"
                    >
                      <span
                        class="com-commentsIcon"
                      >
                        <i
                          class="fas fa-comment"
                        />
                      </span>
                      <span>
                        0
                         
                        Comments
                      </span>
                    </div>
                    <div
                      class="com-allComments"
                    />
                    <div
                      class="com-bottom-border"
                    />
                  </div>
                </div>,
                "context": Object {},
                "current": [Circular],
                "didError": false,
                "earliestPendingTime": 0,
                "earliestSuspendedTime": 0,
                "expirationTime": 0,
                "finishedWork": null,
                "firstBatch": null,
                "hydrate": false,
                "interactionThreadID": 12,
                "latestPendingTime": 0,
                "latestPingedTime": 0,
                "latestSuspendedTime": 0,
                "memoizedInteractions": Set {},
                "nextExpirationTimeToWorkOn": 0,
                "nextScheduledRoot": null,
                "pendingChildren": null,
                "pendingCommitExpirationTime": 0,
                "pendingContext": null,
                "pendingInteractionMap": Map {},
                "timeoutHandle": -1,
              },
              "tag": 3,
              "treeBaseDuration": 0,
              "type": null,
              "updateQueue": Object {
                "baseState": Object {
                  "element": <WrapperComponent
                    Component={[Function]}
                    context={null}
                    props={
                      Object {
                        "commentList": Array [],
                      }
                    }
                  />,
                },
                "firstCapturedEffect": null,
                "firstCapturedUpdate": null,
                "firstEffect": null,
                "firstUpdate": null,
                "lastCapturedEffect": null,
                "lastCapturedUpdate": null,
                "lastEffect": null,
                "lastUpdate": null,
              },
            },
            "selfBaseDuration": 0,
            "sibling": null,
            "stateNode": WrapperComponent {
              "_reactInternalFiber": [Circular],
              "_reactInternalInstance": Object {},
              "context": Object {},
              "props": Object {
                "Component": [Function],
                "context": null,
                "props": Object {
                  "commentList": Array [],
                },
              },
              "refs": Object {},
              "state": Object {
                "context": null,
                "mount": true,
                "props": Object {
                  "commentList": Array [],
                },
              },
              "updater": Object {
                "enqueueForceUpdate": [Function],
                "enqueueReplaceState": [Function],
                "enqueueSetState": [Function],
                "isMounted": [Function],
              },
            },
            "tag": 1,
            "treeBaseDuration": 0,
            "type": [Function],
            "updateQueue": null,
          },
          "selfBaseDuration": 0,
          "sibling": null,
          "stateNode": [Circular],
          "tag": 1,
          "treeBaseDuration": 0,
          "type": [Function],
          "updateQueue": null,
        },
        "_reactInternalInstance": Object {},
        "context": Object {},
        "fetchComments": [Function],
        "interval": 3,
        "props": Object {
          "commentList": Array [],
        },
        "refs": Object {},
        "state": Object {
          "commentList": Array [],
        },
        "updater": Object {
          "enqueueForceUpdate": [Function],
          "enqueueReplaceState": [Function],
          "enqueueSetState": [Function],
          "isMounted": [Function],
        },
      },
      "key": undefined,
      "nodeType": "class",
      "props": Object {
        "commentList": Array [],
      },
      "ref": null,
      "rendered": Object {
        "instance": <div
          class="container"
        >
          <div
            class="com-totalCommentsCount"
          >
            <span
              class="com-commentsIcon"
            >
              <i
                class="fas fa-comment"
              />
            </span>
            <span>
              0
               
              Comments
            </span>
          </div>
          <div
            class="com-allComments"
          />
          <div
            class="com-bottom-border"
          />
        </div>,
        "key": undefined,
        "nodeType": "host",
        "props": Object {
          "children": Array [
            <div
              className="com-totalCommentsCount"
            >
              <span
                className="com-commentsIcon"
              >
                <i
                  className="fas fa-comment"
                />
              </span>
              <span>
                0
                 
                Comments
              </span>
            </div>,
            <div
              className="com-allComments"
            />,
            <div
              className="com-bottom-border"
            />,
          ],
          "className": "container",
        },
        "ref": null,
        "rendered": Array [
          Object {
            "instance": <div
              class="com-totalCommentsCount"
            >
              <span
                class="com-commentsIcon"
              >
                <i
                  class="fas fa-comment"
                />
              </span>
              <span>
                0
                 
                Comments
              </span>
            </div>,
            "key": undefined,
            "nodeType": "host",
            "props": Object {
              "children": Array [
                <span
                  className="com-commentsIcon"
                >
                  <i
                    className="fas fa-comment"
                  />
                </span>,
                <span>
                  0
                   
                  Comments
                </span>,
              ],
              "className": "com-totalCommentsCount",
            },
            "ref": null,
            "rendered": Array [
              Object {
                "instance": <span
                  class="com-commentsIcon"
                >
                  <i
                    class="fas fa-comment"
                  />
                </span>,
                "key": undefined,
                "nodeType": "host",
                "props": Object {
                  "children": <i
                    className="fas fa-comment"
                  />,
                  "className": "com-commentsIcon",
                },
                "ref": null,
                "rendered": Array [
                  Object {
                    "instance": <i
                      class="fas fa-comment"
                    />,
                    "key": undefined,
                    "nodeType": "host",
                    "props": Object {
                      "className": "fas fa-comment",
                    },
                    "ref": null,
                    "rendered": Array [
                      undefined,
                    ],
                    "type": "i",
                  },
                ],
                "type": "span",
              },
              Object {
                "instance": <span>
                  0
                   
                  Comments
                </span>,
                "key": undefined,
                "nodeType": "host",
                "props": Object {
                  "children": Array [
                    0,
                    " ",
                    "Comments",
                  ],
                },
                "ref": null,
                "rendered": Array [
                  "0",
                  " ",
                  "Comments",
                ],
                "type": "span",
              },
            ],
            "type": "div",
          },
          Object {
            "instance": <div
              class="com-allComments"
            />,
            "key": undefined,
            "nodeType": "host",
            "props": Object {
              "children": Array [],
              "className": "com-allComments",
            },
            "ref": null,
            "rendered": Array [
              Array [],
            ],
            "type": "div",
          },
          Object {
            "instance": <div
              class="com-bottom-border"
            />,
            "key": undefined,
            "nodeType": "host",
            "props": Object {
              "className": "com-bottom-border",
            },
            "ref": null,
            "rendered": Array [
              undefined,
            ],
            "type": "div",
          },
        ],
        "type": "div",
      },
      "type": [Function],
    },
  ],
  Symbol(enzyme.__options__): Object {
    "adapter": ReactSixteenAdapter {
      "options": Object {
        "enableComponentDidUpdateOnSetState": true,
        "lifecycles": Object {
          "componentDidUpdate": Object {
            "onSetState": true,
          },
          "getDerivedStateFromProps": true,
          "getSnapshotBeforeUpdate": true,
          "setState": Object {
            "skipsComponentDidUpdateOnNullish": true,
          },
        },
      },
    },
  },
}
`;
